src/app/community/new/page.tsx(20,31): error TS2322: Type '(formData: FormData) => Promise<{ error: string; }>' is not assignable to type 'string | ((formData: FormData) => void | Promise<void>) | undefined'.
  Type '(formData: FormData) => Promise<{ error: string; }>' is not assignable to type '(formData: FormData) => void | Promise<void>'.
    Type 'Promise<{ error: string; }>' is not assignable to type 'void | Promise<void>'.
      Type 'Promise<{ error: string; }>' is not assignable to type 'Promise<void>'.
        Type '{ error: string; }' is not assignable to type 'void'.
src/app/profile/edit/page.tsx(31,31): error TS2322: Type '(formData: FormData) => Promise<{ error: string; }>' is not assignable to type 'string | ((formData: FormData) => void | Promise<void>) | undefined'.
  Type '(formData: FormData) => Promise<{ error: string; }>' is not assignable to type '(formData: FormData) => void | Promise<void>'.
    Type 'Promise<{ error: string; }>' is not assignable to type 'void | Promise<void>'.
      Type 'Promise<{ error: string; }>' is not assignable to type 'Promise<void>'.
        Type '{ error: string; }' is not assignable to type 'void'.
