src/lib/supabase/middleware.ts(18,92): error TS2345: Argument of type '[string, string, Partial<SerializeOptions>]' is not assignable to parameter of type '[key: string, value: string] | [options: RequestCookie]'.
  Type '[string, string, Partial<SerializeOptions>]' is not assignable to type '[key: string, value: string]'.
    Source has 3 element(s) but target allows only 2.
